
Circle		?
Triangle	3

Circle		?
Triangle	3

Circle		?
Triangle	3
