{ 1 1 2 2 3 3 42 }
Value 42 changed to 0:
{ 1 1 2 2 3 3 0 }
