{ 1 2 3 3 2 1 42 }
Value 42 changed to 0:
{ 1 2 3 3 2 1 0 }
